---
source: common/src/sta2dfft.rs
expression: xfactors
---
[
    1,
    0,
    0,
    0,
    1,
]
