---
source: common/src/utils.rs
expression: "slice_to_3d(&a[8..], 2, 4, 3)"
---
[
    [
        [
            63.0,
            22.0,
            18.0,
        ],
        [
            77.0,
            71.0,
            37.0,
        ],
        [
            100.0,
            81.0,
            61.0,
        ],
        [
            21.0,
            66.0,
            17.0,
        ],
    ],
    [
        [
            75.0,
            6.0,
            3.0,
        ],
        [
            75.0,
            42.0,
            77.0,
        ],
        [
            85.0,
            7.0,
            57.0,
        ],
        [
            81.0,
            15.0,
            55.0,
        ],
    ],
]
