---
source: common/src/sta2dfft.rs
expression: yfactors
---
[
    1,
    0,
    0,
    0,
    1,
]
