---
source: common/src/sta2dfft.rs
expression: yfactors
---
[
    0,
    2,
    1,
    0,
    0,
]
