---
source: common/src/stafft/mod.rs
expression: factors
---
[
    3,
    1,
    1,
    0,
    1,
]
