---
source: common/src/stafft/mod.rs
expression: trig
---
[
    1.0,
    0.9238795325112867,
    0.7071067811865476,
    0.38268343236508984,
    1.0,
    0.7071067811865476,
    0.00000000000000006123233995736766,
    -0.7071067811865475,
    1.0,
    0.38268343236508984,
    -0.7071067811865475,
    -0.9238795325112867,
    1.0,
    1.0,
    1.0,
    1.0,
    -0.0,
    -0.3826834323650898,
    -0.7071067811865475,
    -0.9238795325112867,
    -0.0,
    -0.7071067811865475,
    -1.0,
    -0.7071067811865476,
    -0.0,
    -0.9238795325112867,
    -0.7071067811865476,
    0.38268343236508967,
    -0.0,
    -0.0,
    -0.0,
    -0.0,
]
