---
source: src/sta2dfft.rs
expression: d2fft.xfactors
---
[
    1,
    0,
    0,
    0,
    1,
]
